[     207ms] [VERBOSE] [DOM] Input elements should have autocomplete attributes (suggested: "current-password"): (More info: https://goo.gl/9p2vKq) %o @ http://localhost:3000/signup:0
[     507ms] [INFO] %cDownload the React DevTools for a better development experience: https://react.dev/link/react-devtools font-weight:bold @ webpack-internal:///(app-pages-browser)/../../node_modules/next/dist/compiled/react-dom/cjs/react-dom-client.development.js:25630
[   20261ms] [ERROR] Failed to load resource: the server responded with a status of 409 (Conflict) @ http://localhost:3000/auth/register:0
[ 1727103ms] [ERROR] Failed to load resource: the server responded with a status of 409 (Conflict) @ http://localhost:3000/auth/register:0
[ 1730564ms] [VERBOSE] [DOM] Input elements should have autocomplete attributes (suggested: "current-password"): (More info: https://goo.gl/9p2vKq) %o @ http://localhost:3000/signup:0
[ 1730872ms] [INFO] %cDownload the React DevTools for a better development experience: https://react.dev/link/react-devtools font-weight:bold @ webpack-internal:///(app-pages-browser)/../../node_modules/next/dist/compiled/react-dom/cjs/react-dom-client.development.js:25630
[ 1828797ms] [LOG] [Fast Refresh] rebuilding @ webpack-internal:///(app-pages-browser)/../../node_modules/next/dist/client/dev/hot-reloader/app/hot-reloader-app.js:196
[ 1829780ms] [LOG] [Fast Refresh] done in 984ms @ webpack-internal:///(app-pages-browser)/../../node_modules/next/dist/client/dev/report-hmr-latency.js:13
[ 1834817ms] [LOG] [Fast Refresh] rebuilding @ webpack-internal:///(app-pages-browser)/../../node_modules/next/dist/client/dev/hot-reloader/app/hot-reloader-app.js:196
[ 1835048ms] [LOG] [Fast Refresh] done in 232ms @ webpack-internal:///(app-pages-browser)/../../node_modules/next/dist/client/dev/report-hmr-latency.js:13
[ 1842816ms] [LOG] [Fast Refresh] rebuilding @ webpack-internal:///(app-pages-browser)/../../node_modules/next/dist/client/dev/hot-reloader/app/hot-reloader-app.js:196
[ 1843207ms] [LOG] [Fast Refresh] done in 391ms @ webpack-internal:///(app-pages-browser)/../../node_modules/next/dist/client/dev/report-hmr-latency.js:13
[ 1858708ms] [LOG] [Fast Refresh] rebuilding @ webpack-internal:///(app-pages-browser)/../../node_modules/next/dist/client/dev/hot-reloader/app/hot-reloader-app.js:196
[ 1859060ms] [LOG] [Fast Refresh] done in 352ms @ webpack-internal:///(app-pages-browser)/../../node_modules/next/dist/client/dev/report-hmr-latency.js:13
[ 1868862ms] [LOG] [Fast Refresh] rebuilding @ webpack-internal:///(app-pages-browser)/../../node_modules/next/dist/client/dev/hot-reloader/app/hot-reloader-app.js:196
[ 1869290ms] [LOG] [Fast Refresh] done in 429ms @ webpack-internal:///(app-pages-browser)/../../node_modules/next/dist/client/dev/report-hmr-latency.js:13
[ 1877761ms] [LOG] [Fast Refresh] rebuilding @ webpack-internal:///(app-pages-browser)/../../node_modules/next/dist/client/dev/hot-reloader/app/hot-reloader-app.js:196
[ 1878200ms] [LOG] [Fast Refresh] done in 439ms @ webpack-internal:///(app-pages-browser)/../../node_modules/next/dist/client/dev/report-hmr-latency.js:13
[ 1896507ms] [LOG] [Fast Refresh] rebuilding @ webpack-internal:///(app-pages-browser)/../../node_modules/next/dist/client/dev/hot-reloader/app/hot-reloader-app.js:196
[ 1896697ms] [LOG] [Fast Refresh] done in 191ms @ webpack-internal:///(app-pages-browser)/../../node_modules/next/dist/client/dev/report-hmr-latency.js:13
